<html>
<body>
<pre>
<h1>µVision Build Log</h1>
<h2>Tool Versions:</h2>
IDE-Version: µVision V5.38.0.0
Copyright (C) 2022 ARM Ltd and ARM Germany GmbH. All rights reserved.
License Information: Max Ebert, FH Hagenberg, LIC=----
 
Tool Versions:
Toolchain:       MDK-Lite  Version: 5.38.0.0
Toolchain Path:  C:\Keil_v5\ARM\ARMCLANG\Bin
C Compiler:      ArmClang.exe V6.19
Assembler:       Armasm.exe V6.19
Linker/Locator:  ArmLink.exe V6.19
Library Manager: ArmAr.exe V6.19
Hex Converter:   FromElf.exe V6.19
CPU DLL:         SARMCM3.DLL V5.38.0.0
Dialog DLL:      DARMCM1.DLL V1.19.6.0
Target DLL:      STLink\ST-LINKIII-KEIL_SWO.dll V3.1.0.0
Dialog DLL:      TARMCM1.DLL V1.14.6.0
 
<h2>Project:</h2>
C:\Users\bayer\FH\Source\Esd\Semester1\RTOS1\Uebung1\Template Übung 1\Apus.uvprojx
Project File Date:  10/09/2025

<h2>Output:</h2>
*** Using Compiler 'V6.19', folder: 'C:\Keil_v5\ARM\ARMCLANG\Bin'
Rebuild target 'Apus'
assembling startup_stm32f072.s...
compiling TftFont_6x8.c...
compiling Debug.c...
compiling TaskCounter.c...
compiling Adc.c...
compiling system_stm32f0xx.c...
compiling TftFont_16x24.c...
compiling Led.c...
compiling TaskKey.c...
compiling stm32f0xx_gpio.c...
compiling systick.c...
compiling TaskLed.c...
compiling main.c...
compiling Key.c...
compiling stm32f0xx_rcc.c...
compiling stm32f0xx_adc.c...
compiling TaskMandelbrot.c...
compiling TaskPoti.c...
compiling TftDisplay.c...
compiling TaskWatch.c...
linking...
Program Size: Code=4398 RO-data=5642 RW-data=8 ZI-data=1056  
".\output\Apus.axf" - 0 Error(s), 0 Warning(s).

<h2>Software Packages used:</h2>

Package Vendor: Keil
                https://www.keil.com/pack/Keil.STM32F0xx_DFP.2.1.1.pack
                Keil.STM32F0xx_DFP.2.1.1
                STMicroelectronics STM32F0 Series Device Support, Drivers and Examples

<h2>Collection of Component include folders:</h2>
  C:/Users/bayer/AppData/Local/Arm/Packs/Keil/STM32F0xx_DFP/2.1.1/Drivers/CMSIS/Device/ST/STM32F0xx/Include

<h2>Collection of Component Files used:</h2>
Build Time Elapsed:  00:00:01
</pre>
</body>
</html>
